// Jest Snapshot v1, https://goo.gl/fbAQLP

exports[`renders a snapshot 1`] = `
<div>
  <div
    className="App"
  >
    <h1>
      Github Profile Info:
    </h1>
    <h2 />
    <a
      href=""
      target="_blank"
    >
      <button>
        Link to Github profile
      </button>
    </a>
    <hr
      class="solid"
    />
    <img
      alt="Github profile"
      height="200"
      src=""
      width="200"
    />
  </div>
  <div>
    <h3 />
  </div>
</div>
`;
